error: generic type parameter `Id { data: "bool" }` not among in-scope parameters: []
 --> $DIR/type_mismatch.rs:6:5
  |
6 |     public class java.lang.Object {
  |     ^^^^^^

error: aborting due to previous error

